[2025-06-25 19:54:18] MESSAGE |  | 帮助: 正在检查更新... 
[2025-06-25 19:54:19] MESSAGE |  | 当前已是最新版 
[2025-06-25 19:56:19] MESSAGE |  | 正在检查更新... 
[2025-06-25 19:56:19] MESSAGE |  | 当前已是最新版 
[2025-06-25 19:56:57] MESSAGE |  | 正在检查更新... 
[2025-06-25 19:56:57] MESSAGE |  | 当前已是最新版 
[2025-06-25 20:07:10] MESSAGE |  | 请先输入包名！ 
[2025-06-25 20:07:58] MESSAGE |  | 获取pip更新列表，请稍等... 
[2025-06-25 20:08:37] MESSAGE |  | 需更新的包数量: 3 
[2025-06-25 20:08:37] MESSAGE |  | multidict: 当前6.5.0 → 最新6.5.1 
[2025-06-25 20:08:37] QUERY | multidict | 6.5.0->6.5.1 
[2025-06-25 20:08:37] MESSAGE |  | protobuf: 当前5.29.5 → 最新6.31.1 
[2025-06-25 20:08:37] QUERY | protobuf | 5.29.5->6.31.1 
[2025-06-25 20:08:37] MESSAGE |  | tensorflow-intel: 当前2.16.1 → 最新2.18.0 
[2025-06-25 20:08:37] QUERY | tensorflow-intel | 2.16.1->2.18.0 
[2025-06-25 20:09:17] MESSAGE |  | 正在获取需要更新的包... 
[2025-06-25 20:09:27] MESSAGE |  | 获取pip更新列表，请稍等... 
[2025-06-25 20:09:48] MESSAGE |  | 共需更新 3 个包，开始升级... 
[2025-06-25 20:09:48] MESSAGE |  | 正在升级第 1 个包: multidict 
[2025-06-25 20:09:51] MESSAGE |  | 第 1 个包升级完成 
[2025-06-25 20:09:51] UPDATE_ALL | multidict | SUCCESS 
[2025-06-25 20:09:51] MESSAGE |  | 正在升级第 2 个包: protobuf 
[2025-06-25 20:09:56] MESSAGE |  | 第 2 个包升级完成 
[2025-06-25 20:09:56] UPDATE_ALL | protobuf | SUCCESS 
[2025-06-25 20:09:56] MESSAGE |  | 正在升级第 3 个包: tensorflow-intel 
[2025-06-25 20:09:59] MESSAGE |  | 需更新的包数量: 1 
[2025-06-25 20:09:59] MESSAGE |  | tensorflow-intel: 当前2.16.1 → 最新2.18.0 
[2025-06-25 20:09:59] QUERY | tensorflow-intel | 2.16.1->2.18.0 
[2025-06-25 21:32:10] MESSAGE |  | 正在检查更新... 
[2025-06-25 21:32:11] MESSAGE |  | 当前已是最新版 
[2025-06-25 21:54:58] MESSAGE |  | 正在检查更新... 
[2025-06-25 21:54:59] MESSAGE |  | 当前已是最新版 
[2025-06-25 21:55:15] MESSAGE |  | 正在检查更新... 
[2025-06-25 21:55:25] UPDATE_SELF | updatepip.py | 更新到V2.1.0 SUCCESS
[2025-06-25 21:55:54] MESSAGE |  | 正在检查更新... 
[2025-06-25 21:55:54] MESSAGE |  | 当前已是最新版 
[2025-06-25 22:12:08] MESSAGE |  | 正在检查更新... 
[2025-06-25 22:12:09] MESSAGE |  | 当前已是最新版 
